Archive member included because of file (symbol)

c:/program files (x86)/atmel/avr tools/avr toolchain/bin/../lib/gcc/avr/4.8.1/avr5\libgcc.a(_udivmodqi4.o)
                              ./DS1340.o (__udivmodqi4)
c:/program files (x86)/atmel/avr tools/avr toolchain/bin/../lib/gcc/avr/4.8.1/avr5\libgcc.a(_udivmodhi4.o)
                              ./Random.o (__udivmodhi4)
c:/program files (x86)/atmel/avr tools/avr toolchain/bin/../lib/gcc/avr/4.8.1/avr5\libgcc.a(_udivmodsi4.o)
                              ./LightMeasure.o (__udivmodsi4)
c:/program files (x86)/atmel/avr tools/avr toolchain/bin/../lib/gcc/avr/4.8.1/avr5\libgcc.a(_exit.o)
                              c:/program files (x86)/atmel/avr tools/avr toolchain/bin/../lib/gcc/avr/4.8.1/../../../../avr/lib/avr5/crtm644p.o (exit)
c:/program files (x86)/atmel/avr tools/avr toolchain/bin/../lib/gcc/avr/4.8.1/avr5\libgcc.a(_tablejump.o)
                              ./DS1340.o (__tablejump2__)
c:/program files (x86)/atmel/avr tools/avr toolchain/bin/../lib/gcc/avr/4.8.1/avr5\libgcc.a(_copy_data.o)
                              ./DS1340.o (__do_copy_data)
c:/program files (x86)/atmel/avr tools/avr toolchain/bin/../lib/gcc/avr/4.8.1/avr5\libgcc.a(_clear_bss.o)
                              ./DS1340.o (__do_clear_bss)
c:/program files (x86)/atmel/avr tools/avr toolchain/bin/../lib/gcc/avr/4.8.1/avr5\libgcc.a(_muluhisi3.o)
                              ./pff.o (__muluhisi3)
c:/program files (x86)/atmel/avr tools/avr toolchain/bin/../lib/gcc/avr/4.8.1/avr5\libgcc.a(_umulhisi3.o)
                              c:/program files (x86)/atmel/avr tools/avr toolchain/bin/../lib/gcc/avr/4.8.1/avr5\libgcc.a(_muluhisi3.o) (__umulhisi3)
c:/program files (x86)/atmel/avr tools/avr toolchain/bin/../lib/gcc/avr/4.8.1/../../../../avr/lib/avr5\libc.a(rand.o)
                              ./Random.o (rand)
c:/program files (x86)/atmel/avr tools/avr toolchain/bin/../lib/gcc/avr/4.8.1/../../../../avr/lib/avr5\libc.a(atoi.o)
                              ./SDTimes.o (atoi)
c:/program files (x86)/atmel/avr tools/avr toolchain/bin/../lib/gcc/avr/4.8.1/../../../../avr/lib/avr5\libc.a(strcat.o)
                              ./wav.o (strcat)
c:/program files (x86)/atmel/avr tools/avr toolchain/bin/../lib/gcc/avr/4.8.1/../../../../avr/lib/avr5\libc.a(strcpy.o)
                              ./wav.o (strcpy)
c:/program files (x86)/atmel/avr tools/avr toolchain/bin/../lib/gcc/avr/4.8.1/../../../../avr/lib/avr5\libc.a(strstr.o)
                              ./wav.o (strstr)
c:/program files (x86)/atmel/avr tools/avr toolchain/bin/../lib/gcc/avr/4.8.1/../../../../avr/lib/avr5\libc.a(itoa_ncheck.o)
                              ./DS1340.o (__itoa_ncheck)
c:/program files (x86)/atmel/avr tools/avr toolchain/bin/../lib/gcc/avr/4.8.1/../../../../avr/lib/avr5\libc.a(mul10.o)
                              c:/program files (x86)/atmel/avr tools/avr toolchain/bin/../lib/gcc/avr/4.8.1/../../../../avr/lib/avr5\libc.a(atoi.o) (__mulhi_const_10)
c:/program files (x86)/atmel/avr tools/avr toolchain/bin/../lib/gcc/avr/4.8.1/../../../../avr/lib/avr5\libc.a(utoa_ncheck.o)
                              c:/program files (x86)/atmel/avr tools/avr toolchain/bin/../lib/gcc/avr/4.8.1/../../../../avr/lib/avr5\libc.a(itoa_ncheck.o) (__utoa_common)
c:/program files (x86)/atmel/avr tools/avr toolchain/bin/../lib/gcc/avr/4.8.1/../../../../avr/lib/avr5\libc.a(strrev.o)
                              c:/program files (x86)/atmel/avr tools/avr toolchain/bin/../lib/gcc/avr/4.8.1/../../../../avr/lib/avr5\libc.a(utoa_ncheck.o) (strrev)
c:/program files (x86)/atmel/avr tools/avr toolchain/bin/../lib/gcc/avr/4.8.1/avr5\libgcc.a(_divmodsi4.o)
                              c:/program files (x86)/atmel/avr tools/avr toolchain/bin/../lib/gcc/avr/4.8.1/../../../../avr/lib/avr5\libc.a(rand.o) (__divmodsi4)
c:/program files (x86)/atmel/avr tools/avr toolchain/bin/../lib/gcc/avr/4.8.1/avr5\libgcc.a(_negsi2.o)
                              c:/program files (x86)/atmel/avr tools/avr toolchain/bin/../lib/gcc/avr/4.8.1/avr5\libgcc.a(_divmodsi4.o) (__negsi2)
c:/program files (x86)/atmel/avr tools/avr toolchain/bin/../lib/gcc/avr/4.8.1/avr5\libgcc.a(_mulshisi3.o)
                              c:/program files (x86)/atmel/avr tools/avr toolchain/bin/../lib/gcc/avr/4.8.1/../../../../avr/lib/avr5\libc.a(rand.o) (__mulohisi3)

Allocating common symbols
Common symbol       size              file

RelayFlag           0x1               ./DS1340.o
SelectedFile        0xd               ./wav.o
RTCFlag             0x1               ./DS1340.o
Switch              0x6               ./Switch.o
RGBLedFlag          0x1               ./DS1340.o
Settings            0x13              ./DS1340.o
Fno                 0x16              ./Interrupt.o
Timer2Flag_ADC      0x1               ./DS1340.o
nr_buf              0x1               ./Interrupt.o
SelectedDir         0xa               ./wav.o
rb                  0x2               ./Interrupt.o
MoveSensorFlag      0x1               ./DS1340.o
MosfetLedFlag       0x1               ./DS1340.o
ADCFlag             0x1               ./DS1340.o
I2CReadBuffer       0x1               ./i2c.o
Times               0x1               ./DS1340.o
BlockFlag           0x1               ./DS1340.o
Dir                 0x10              ./Interrupt.o
ActualSongCount     0x1               ./DS1340.o
can_read            0x1               ./Interrupt.o
CardMountedFlag     0x1               ./DS1340.o
buf                 0x400             ./Interrupt.o
LowPowerFlag        0x1               ./DS1340.o
FLAGS               0x4               ./Interrupt.o
BreakTime           0x2               ./DS1340.o
NightFlag           0x1               ./DS1340.o
Timer2Flag_COUNT    0x1               ./DS1340.o
Time                0x8               ./DS1340.o
Fs                  0x2a              ./Interrupt.o

Memory Configuration

Name             Origin             Length             Attributes
text             0x00000000         0x00020000         xr
data             0x00800060         0x0000ffa0         rw !x
eeprom           0x00810000         0x00010000         rw !x
fuse             0x00820000         0x00000400         rw !x
lock             0x00830000         0x00000400         rw !x
signature        0x00840000         0x00000400         rw !x
user_signatures  0x00850000         0x00000400         rw !x
*default*        0x00000000         0xffffffff

Linker script and memory map

Address of section .data set to 0x800100
LOAD c:/program files (x86)/atmel/avr tools/avr toolchain/bin/../lib/gcc/avr/4.8.1/../../../../avr/lib/avr5/crtm644p.o
LOAD ./ADC.o
LOAD ./DS1340.o
LOAD ./IOPort.o
LOAD ./Interrupt.o
LOAD ./LEDMosfet.o
LOAD ./Led.o
LOAD ./LightMeasure.o
LOAD ./MoveSensor.o
LOAD ./Random.o
LOAD ./SDTimes.o
LOAD ./Switch.o
LOAD ./TimeCount.o
LOAD ./Timer.o
LOAD ./i2c.o
LOAD ./main.o
LOAD ./mmc.o
LOAD ./pff.o
LOAD ./uart.o
LOAD ./wav.o
START GROUP
LOAD c:/program files (x86)/atmel/avr tools/avr toolchain/bin/../lib/gcc/avr/4.8.1/avr5\libgcc.a
LOAD c:/program files (x86)/atmel/avr tools/avr toolchain/bin/../lib/gcc/avr/4.8.1/../../../../avr/lib/avr5\libm.a
LOAD c:/program files (x86)/atmel/avr tools/avr toolchain/bin/../lib/gcc/avr/4.8.1/../../../../avr/lib/avr5\libc.a
END GROUP

.hash
 *(.hash)

.dynsym
 *(.dynsym)

.dynstr
 *(.dynstr)

.gnu.version
 *(.gnu.version)

.gnu.version_d
 *(.gnu.version_d)

.gnu.version_r
 *(.gnu.version_r)

.rel.init
 *(.rel.init)

.rela.init
 *(.rela.init)

.rel.text
 *(.rel.text)
 *(.rel.text.*)
 *(.rel.gnu.linkonce.t*)

.rela.text
 *(.rela.text)
 *(.rela.text.*)
 *(.rela.gnu.linkonce.t*)

.rel.fini
 *(.rel.fini)

.rela.fini
 *(.rela.fini)

.rel.rodata
 *(.rel.rodata)
 *(.rel.rodata.*)
 *(.rel.gnu.linkonce.r*)

.rela.rodata
 *(.rela.rodata)
 *(.rela.rodata.*)
 *(.rela.gnu.linkonce.r*)

.rel.data
 *(.rel.data)
 *(.rel.data.*)
 *(.rel.gnu.linkonce.d*)

.rela.data
 *(.rela.data)
 *(.rela.data.*)
 *(.rela.gnu.linkonce.d*)

.rel.ctors
 *(.rel.ctors)

.rela.ctors
 *(.rela.ctors)

.rel.dtors
 *(.rel.dtors)

.rela.dtors
 *(.rela.dtors)

.rel.got
 *(.rel.got)

.rela.got
 *(.rela.got)

.rel.bss
 *(.rel.bss)

.rela.bss
 *(.rela.bss)

.rel.plt
 *(.rel.plt)

.rela.plt
 *(.rela.plt)

.text           0x00000000     0x3c4c
 *(.vectors)
 .vectors       0x00000000       0x7c c:/program files (x86)/atmel/avr tools/avr toolchain/bin/../lib/gcc/avr/4.8.1/../../../../avr/lib/avr5/crtm644p.o
                0x00000000                __vector_default
                0x00000000                __vectors
 *(.vectors)
 *(.progmem.gcc*)
 .progmem.gcc_sw_table.RTCShowTime
                0x0000007c        0xe ./DS1340.o
 .progmem.gcc_sw_table.ShowErrors
                0x0000008a       0x10 ./SDTimes.o
                0x0000009a                . = ALIGN (0x2)
                0x0000009a                __trampolines_start = .
 *(.trampolines)
 .trampolines   0x0000009a        0x0 linker stubs
 *(.trampolines*)
                0x0000009a                __trampolines_end = .
 *(.progmem*)
                0x0000009a                . = ALIGN (0x2)
 *(.jumptables)
 *(.jumptables*)
 *(.lowtext)
 *(.lowtext*)
                0x0000009a                __ctors_start = .
 *(.ctors)
                0x0000009a                __ctors_end = .
                0x0000009a                __dtors_start = .
 *(.dtors)
                0x0000009a                __dtors_end = .
 SORT(*)(.ctors)
 SORT(*)(.dtors)
 *(.init0)
 .init0         0x0000009a        0x0 c:/program files (x86)/atmel/avr tools/avr toolchain/bin/../lib/gcc/avr/4.8.1/../../../../avr/lib/avr5/crtm644p.o
                0x0000009a                __init
 *(.init0)
 *(.init1)
 *(.init1)
 *(.init2)
 .init2         0x0000009a        0xc c:/program files (x86)/atmel/avr tools/avr toolchain/bin/../lib/gcc/avr/4.8.1/../../../../avr/lib/avr5/crtm644p.o
 *(.init2)
 *(.init3)
 *(.init3)
 *(.init4)
 .init4         0x000000a6       0x16 c:/program files (x86)/atmel/avr tools/avr toolchain/bin/../lib/gcc/avr/4.8.1/avr5\libgcc.a(_copy_data.o)
                0x000000a6                __do_copy_data
 .init4         0x000000bc       0x10 c:/program files (x86)/atmel/avr tools/avr toolchain/bin/../lib/gcc/avr/4.8.1/avr5\libgcc.a(_clear_bss.o)
                0x000000bc                __do_clear_bss
 *(.init4)
 *(.init5)
 *(.init5)
 *(.init6)
 *(.init6)
 *(.init7)
 *(.init7)
 *(.init8)
 *(.init8)
 *(.init9)
 .init9         0x000000cc        0x8 c:/program files (x86)/atmel/avr tools/avr toolchain/bin/../lib/gcc/avr/4.8.1/../../../../avr/lib/avr5/crtm644p.o
 *(.init9)
 *(.text)
 .text          0x000000d4        0x4 c:/program files (x86)/atmel/avr tools/avr toolchain/bin/../lib/gcc/avr/4.8.1/../../../../avr/lib/avr5/crtm644p.o
                0x000000d4                __vector_22
                0x000000d4                __vector_28
                0x000000d4                __vector_1
                0x000000d4                __vector_12
                0x000000d4                __bad_interrupt
                0x000000d4                __vector_6
                0x000000d4                __vector_3
                0x000000d4                __vector_23
                0x000000d4                __vector_30
                0x000000d4                __vector_25
                0x000000d4                __vector_13
                0x000000d4                __vector_17
                0x000000d4                __vector_19
                0x000000d4                __vector_7
                0x000000d4                __vector_27
                0x000000d4                __vector_5
                0x000000d4                __vector_4
                0x000000d4                __vector_9
                0x000000d4                __vector_2
                0x000000d4                __vector_21
                0x000000d4                __vector_15
                0x000000d4                __vector_29
                0x000000d4                __vector_8
                0x000000d4                __vector_14
                0x000000d4                __vector_10
                0x000000d4                __vector_18
                0x000000d4                __vector_20
 .text          0x000000d8        0x0 ./ADC.o
 .text          0x000000d8        0x0 ./DS1340.o
 .text          0x000000d8        0x0 ./IOPort.o
 .text          0x000000d8        0x0 ./Interrupt.o
 .text          0x000000d8        0x0 ./LEDMosfet.o
 .text          0x000000d8        0x0 ./Led.o
 .text          0x000000d8        0x0 ./LightMeasure.o
 .text          0x000000d8        0x0 ./MoveSensor.o
 .text          0x000000d8        0x0 ./Random.o
 .text          0x000000d8        0x0 ./SDTimes.o
 .text          0x000000d8        0x0 ./Switch.o
 .text          0x000000d8        0x0 ./TimeCount.o
 .text          0x000000d8        0x0 ./Timer.o
 .text          0x000000d8        0x0 ./i2c.o
 .text          0x000000d8        0x0 ./main.o
 .text          0x000000d8        0x0 ./mmc.o
 .text          0x000000d8        0x0 ./pff.o
 .text          0x000000d8        0x0 ./uart.o
 .text          0x000000d8        0x0 ./wav.o
 .text          0x000000d8        0x0 c:/program files (x86)/atmel/avr tools/avr toolchain/bin/../lib/gcc/avr/4.8.1/avr5\libgcc.a(_udivmodqi4.o)
 .text          0x000000d8        0x0 c:/program files (x86)/atmel/avr tools/avr toolchain/bin/../lib/gcc/avr/4.8.1/avr5\libgcc.a(_udivmodhi4.o)
 .text          0x000000d8        0x0 c:/program files (x86)/atmel/avr tools/avr toolchain/bin/../lib/gcc/avr/4.8.1/avr5\libgcc.a(_udivmodsi4.o)
 .text          0x000000d8        0x0 c:/program files (x86)/atmel/avr tools/avr toolchain/bin/../lib/gcc/avr/4.8.1/avr5\libgcc.a(_exit.o)
 .text          0x000000d8        0x0 c:/program files (x86)/atmel/avr tools/avr toolchain/bin/../lib/gcc/avr/4.8.1/avr5\libgcc.a(_tablejump.o)
 .text          0x000000d8        0x0 c:/program files (x86)/atmel/avr tools/avr toolchain/bin/../lib/gcc/avr/4.8.1/avr5\libgcc.a(_copy_data.o)
 .text          0x000000d8        0x0 c:/program files (x86)/atmel/avr tools/avr toolchain/bin/../lib/gcc/avr/4.8.1/avr5\libgcc.a(_clear_bss.o)
 .text          0x000000d8        0x0 c:/program files (x86)/atmel/avr tools/avr toolchain/bin/../lib/gcc/avr/4.8.1/avr5\libgcc.a(_muluhisi3.o)
 .text          0x000000d8        0x0 c:/program files (x86)/atmel/avr tools/avr toolchain/bin/../lib/gcc/avr/4.8.1/avr5\libgcc.a(_umulhisi3.o)
 .text          0x000000d8        0x0 c:/program files (x86)/atmel/avr tools/avr toolchain/bin/../lib/gcc/avr/4.8.1/../../../../avr/lib/avr5\libc.a(rand.o)
 .text          0x000000d8        0x0 c:/program files (x86)/atmel/avr tools/avr toolchain/bin/../lib/gcc/avr/4.8.1/../../../../avr/lib/avr5\libc.a(atoi.o)
 .text          0x000000d8        0x0 c:/program files (x86)/atmel/avr tools/avr toolchain/bin/../lib/gcc/avr/4.8.1/../../../../avr/lib/avr5\libc.a(strcat.o)
 .text          0x000000d8        0x0 c:/program files (x86)/atmel/avr tools/avr toolchain/bin/../lib/gcc/avr/4.8.1/../../../../avr/lib/avr5\libc.a(strcpy.o)
 .text          0x000000d8        0x0 c:/program files (x86)/atmel/avr tools/avr toolchain/bin/../lib/gcc/avr/4.8.1/../../../../avr/lib/avr5\libc.a(strstr.o)
 .text          0x000000d8        0x0 c:/program files (x86)/atmel/avr tools/avr toolchain/bin/../lib/gcc/avr/4.8.1/../../../../avr/lib/avr5\libc.a(itoa_ncheck.o)
 .text          0x000000d8        0x0 c:/program files (x86)/atmel/avr tools/avr toolchain/bin/../lib/gcc/avr/4.8.1/../../../../avr/lib/avr5\libc.a(mul10.o)
 .text          0x000000d8        0x0 c:/program files (x86)/atmel/avr tools/avr toolchain/bin/../lib/gcc/avr/4.8.1/../../../../avr/lib/avr5\libc.a(utoa_ncheck.o)
 .text          0x000000d8        0x0 c:/program files (x86)/atmel/avr tools/avr toolchain/bin/../lib/gcc/avr/4.8.1/../../../../avr/lib/avr5\libc.a(strrev.o)
 .text          0x000000d8        0x0 c:/program files (x86)/atmel/avr tools/avr toolchain/bin/../lib/gcc/avr/4.8.1/avr5\libgcc.a(_divmodsi4.o)
 .text          0x000000d8        0x0 c:/program files (x86)/atmel/avr tools/avr toolchain/bin/../lib/gcc/avr/4.8.1/avr5\libgcc.a(_negsi2.o)
 .text          0x000000d8        0x0 c:/program files (x86)/atmel/avr tools/avr toolchain/bin/../lib/gcc/avr/4.8.1/avr5\libgcc.a(_mulshisi3.o)
                0x000000d8                . = ALIGN (0x2)
 *(.text.*)
 .text.InitADC  0x000000d8        0xe ./ADC.o
                0x000000d8                InitADC
 .text.ADCChannel
                0x000000e6        0x2 ./ADC.o
                0x000000e6                ADCChannel
 .text.ADCStart
                0x000000e8        0xc ./ADC.o
                0x000000e8                ADCStart
 .text.ADCValue
                0x000000f4        0xa ./ADC.o
                0x000000f4                ADCValue
 .text.DecToBCDCode
                0x000000fe       0x12 ./DS1340.o
                0x000000fe                DecToBCDCode
 .text.BCDToDecCode
                0x00000110       0x12 ./DS1340.o
                0x00000110                BCDToDecCode
 .text.RTCReciveTimeEnable
                0x00000122        0xc ./DS1340.o
                0x00000122                RTCReciveTimeEnable
 .text.RTCSendTimeEnable
                0x0000012e        0xc ./DS1340.o
                0x0000012e                RTCSendTimeEnable
 .text.RTCSendReciveStart
                0x0000013a       0x14 ./DS1340.o
                0x0000013a                RTCSendReciveStart
 .text.RTCReciveTime
                0x0000014e       0xd2 ./DS1340.o
                0x0000014e                RTCReciveTime
 .text.RTCSendTime
                0x00000220       0x96 ./DS1340.o
                0x00000220                RTCSendTime
 .text.RTCSendReciveTime
                0x000002b6       0x10 ./DS1340.o
                0x000002b6                RTCSendReciveTime
 .text.RTCShowTime
                0x000002c6       0xde ./DS1340.o
                0x000002c6                RTCShowTime
 .text.PINDirection
                0x000003a4       0x1e ./IOPort.o
                0x000003a4                PINDirection
 .text.PINState
                0x000003c2       0x10 ./IOPort.o
                0x000003c2                PINState
 .text.UPResistanse
                0x000003d2       0x1e ./IOPort.o
                0x000003d2                UPResistanse
 .text.InitPort
                0x000003f0        0xc ./IOPort.o
                0x000003f0                InitPort
 .text.__vector_16
                0x000003fc      0x1a4 ./Interrupt.o
                0x000003fc                __vector_16
 .text.__vector_11
                0x000005a0       0xa2 ./Interrupt.o
                0x000005a0                __vector_11
 .text.__vector_24
                0x00000642       0x1e ./Interrupt.o
                0x00000642                __vector_24
 .text.__vector_26
                0x00000660       0x4c ./Interrupt.o
                0x00000660                __vector_26
 .text.TurnOnLedMosfet
                0x000006ac       0x14 ./LEDMosfet.o
                0x000006ac                TurnOnLedMosfet
 .text.Led      0x000006c0       0x58 ./Led.o
                0x000006c0                Led
 .text.MeasureLight
                0x00000718       0xc2 ./LightMeasure.o
                0x00000718                MeasureLight
 .text.MoveSensorCheck
                0x000007da        0x2 ./MoveSensor.o
                0x000007da                MoveSensorCheck
 .text.ChooseRandom
                0x000007dc       0x16 ./Random.o
                0x000007dc                ChooseRandom
 .text.char_upr
                0x000007f2        0xc ./SDTimes.o
                0x000007f2                char_upr
 .text.str_cmp_upr.part.0
                0x000007fe       0x40 ./SDTimes.o
 .text.str_cmp_upr
                0x0000083e       0x58 ./SDTimes.o
                0x0000083e                str_cmp_upr
 .text.set_get_param
                0x00000896      0x360 ./SDTimes.o
                0x00000896                set_get_param
 .text.ShowErrors
                0x00000bf6       0x46 ./SDTimes.o
                0x00000bf6                ShowErrors
 .text.get_time_param
                0x00000c3c      0x20a ./SDTimes.o
                0x00000c3c                get_time_param
 .text.LoadConfigFile
                0x00000e46      0x1b2 ./SDTimes.o
                0x00000e46                LoadConfigFile
 .text.LoadTimeFile
                0x00000ff8      0x1b4 ./SDTimes.o
                0x00000ff8                LoadTimeFile
 .text.LoadOnTimesFile
                0x000011ac      0x374 ./SDTimes.o
                0x000011ac                LoadOnTimesFile
 .text.CheckCardMount
                0x00001520       0x68 ./SDTimes.o
                0x00001520                CheckCardMount
 .text.CheckSwitch
                0x00001588      0x3c6 ./Switch.o
                0x00001588                CheckSwitch
 .text.MeasureTime
                0x0000194e      0x106 ./TimeCount.o
                0x0000194e                MeasureTime
 .text.InitTimer0
                0x00001a54        0xc ./Timer.o
                0x00001a54                InitTimer0
 .text.InitTimer1
                0x00001a60        0xe ./Timer.o
                0x00001a60                InitTimer1
 .text.InitTimer2
                0x00001a6e       0x26 ./Timer.o
                0x00001a6e                InitTimer2
 .text.ReloadTimer2
                0x00001a94        0x8 ./Timer.o
                0x00001a94                ReloadTimer2
 .text.I2CConfig
                0x00001a9c       0x12 ./i2c.o
                0x00001a9c                I2CConfig
 .text.I2CStatus
                0x00001aae        0x6 ./i2c.o
                0x00001aae                I2CStatus
 .text.I2CStartSet
                0x00001ab4        0x8 ./i2c.o
                0x00001ab4                I2CStartSet
 .text.I2CStartClear
                0x00001abc        0x8 ./i2c.o
                0x00001abc                I2CStartClear
 .text.I2CStopSet
                0x00001ac4        0x8 ./i2c.o
                0x00001ac4                I2CStopSet
 .text.I2CInterruptClear
                0x00001acc        0xc ./i2c.o
                0x00001acc                I2CInterruptClear
 .text.I2CAckSet
                0x00001ad8        0xc ./i2c.o
                0x00001ad8                I2CAckSet
 .text.I2CAckClear
                0x00001ae4        0xc ./i2c.o
                0x00001ae4                I2CAckClear
 .text.I2CWrite
                0x00001af0        0xc ./i2c.o
                0x00001af0                I2CWrite
 .text.I2CRead  0x00001afc        0x6 ./i2c.o
                0x00001afc                I2CRead
 .text.I2CByteWrite
                0x00001b02       0x94 ./i2c.o
                0x00001b02                I2CByteWrite
 .text.I2CByteRead
                0x00001b96       0x86 ./i2c.o
                0x00001b96                I2CByteRead
 .text.I2CSendStart
                0x00001c1c        0x8 ./i2c.o
                0x00001c1c                I2CSendStart
 .text.startup.main
                0x00001c24       0x8a ./main.o
                0x00001c24                main
 .text.rcv_spi  0x00001cae        0xe ./mmc.o
 .text.release_spi
                0x00001cbc        0x6 ./mmc.o
 .text.send_cmd
                0x00001cc2       0xa4 ./mmc.o
 .text.disk_writep.part.0
                0x00001d66       0xca ./mmc.o
 .text.disk_initialize
                0x00001e30      0x154 ./mmc.o
                0x00001e30                disk_initialize
 .text.disk_readp
                0x00001f84       0xbc ./mmc.o
                0x00001f84                disk_readp
 .text.disk_writep
                0x00002040       0x48 ./mmc.o
                0x00002040                disk_writep
 .text.write_close
                0x00002088       0x24 ./mmc.o
                0x00002088                write_close
 .text.clust2sect
                0x000020ac       0x56 ./pff.o
 .text.get_clust
                0x00002102       0x3a ./pff.o
 .text.dir_rewind
                0x0000213c       0x74 ./pff.o
 .text.get_fat  0x000021b0       0xc4 ./pff.o
 .text.dir_next
                0x00002274       0xec ./pff.o
 .text.check_fs
                0x00002360       0x7e ./pff.o
 .text.follow_path
                0x000023de      0x17e ./pff.o
 .text.pf_mount
                0x0000255c      0x2a4 ./pff.o
                0x0000255c                pf_mount
 .text.pf_open  0x00002800       0xc8 ./pff.o
                0x00002800                pf_open
 .text.pf_read  0x000028c8      0x1a8 ./pff.o
                0x000028c8                pf_read
 .text.pf_write
                0x00002a70      0x20c ./pff.o
                0x00002a70                pf_write
 .text.pf_lseek
                0x00002c7c      0x258 ./pff.o
                0x00002c7c                pf_lseek
 .text.pf_opendir
                0x00002ed4       0x8a ./pff.o
                0x00002ed4                pf_opendir
 .text.pf_readdir
                0x00002f5e      0x1f2 ./pff.o
                0x00002f5e                pf_readdir
 .text.USART_Init
                0x00003150       0x20 ./uart.o
                0x00003150                USART_Init
 .text.USART_Write
                0x00003170       0x16 ./uart.o
                0x00003170                USART_Write
 .text.USART_Write_Number
                0x00003186       0x4a ./uart.o
                0x00003186                USART_Write_Number
 .text.USART_String
                0x000031d0       0x20 ./uart.o
                0x000031d0                USART_String
 .text.load_header
                0x000031f0      0x278 ./wav.o
                0x000031f0                load_header
 .text.play     0x00003468      0x23c ./wav.o
                0x00003468                play
 .text.InitSPI  0x000036a4       0x16 ./wav.o
                0x000036a4                InitSPI
 .text.CountSongs
                0x000036ba       0xa8 ./wav.o
                0x000036ba                CountSongs
 .text.ChooseFolder
                0x00003762       0x16 ./wav.o
                0x00003762                ChooseFolder
 .text.ChooseSong
                0x00003778      0x13c ./wav.o
                0x00003778                ChooseSong
 .text.PlayMusic
                0x000038b4       0xb8 ./wav.o
                0x000038b4                PlayMusic
 .text.libgcc.mul
                0x0000396c        0x0 c:/program files (x86)/atmel/avr tools/avr toolchain/bin/../lib/gcc/avr/4.8.1/avr5\libgcc.a(_udivmodqi4.o)
 .text.libgcc.div
                0x0000396c       0x18 c:/program files (x86)/atmel/avr tools/avr toolchain/bin/../lib/gcc/avr/4.8.1/avr5\libgcc.a(_udivmodqi4.o)
                0x0000396c                __udivmodqi4
 .text.libgcc   0x00003984        0x0 c:/program files (x86)/atmel/avr tools/avr toolchain/bin/../lib/gcc/avr/4.8.1/avr5\libgcc.a(_udivmodqi4.o)
 .text.libgcc.prologue
                0x00003984        0x0 c:/program files (x86)/atmel/avr tools/avr toolchain/bin/../lib/gcc/avr/4.8.1/avr5\libgcc.a(_udivmodqi4.o)
 .text.libgcc.builtins
                0x00003984        0x0 c:/program files (x86)/atmel/avr tools/avr toolchain/bin/../lib/gcc/avr/4.8.1/avr5\libgcc.a(_udivmodqi4.o)
 .text.libgcc.fmul
                0x00003984        0x0 c:/program files (x86)/atmel/avr tools/avr toolchain/bin/../lib/gcc/avr/4.8.1/avr5\libgcc.a(_udivmodqi4.o)
 .text.libgcc.fixed
                0x00003984        0x0 c:/program files (x86)/atmel/avr tools/avr toolchain/bin/../lib/gcc/avr/4.8.1/avr5\libgcc.a(_udivmodqi4.o)
 .text.libgcc.mul
                0x00003984        0x0 c:/program files (x86)/atmel/avr tools/avr toolchain/bin/../lib/gcc/avr/4.8.1/avr5\libgcc.a(_udivmodhi4.o)
 .text.libgcc.div
                0x00003984       0x28 c:/program files (x86)/atmel/avr tools/avr toolchain/bin/../lib/gcc/avr/4.8.1/avr5\libgcc.a(_udivmodhi4.o)
                0x00003984                __udivmodhi4
 .text.libgcc   0x000039ac        0x0 c:/program files (x86)/atmel/avr tools/avr toolchain/bin/../lib/gcc/avr/4.8.1/avr5\libgcc.a(_udivmodhi4.o)
 .text.libgcc.prologue
                0x000039ac        0x0 c:/program files (x86)/atmel/avr tools/avr toolchain/bin/../lib/gcc/avr/4.8.1/avr5\libgcc.a(_udivmodhi4.o)
 .text.libgcc.builtins
                0x000039ac        0x0 c:/program files (x86)/atmel/avr tools/avr toolchain/bin/../lib/gcc/avr/4.8.1/avr5\libgcc.a(_udivmodhi4.o)
 .text.libgcc.fmul
                0x000039ac        0x0 c:/program files (x86)/atmel/avr tools/avr toolchain/bin/../lib/gcc/avr/4.8.1/avr5\libgcc.a(_udivmodhi4.o)
 .text.libgcc.fixed
                0x000039ac        0x0 c:/program files (x86)/atmel/avr tools/avr toolchain/bin/../lib/gcc/avr/4.8.1/avr5\libgcc.a(_udivmodhi4.o)
 .text.libgcc.mul
                0x000039ac        0x0 c:/program files (x86)/atmel/avr tools/avr toolchain/bin/../lib/gcc/avr/4.8.1/avr5\libgcc.a(_udivmodsi4.o)
 .text.libgcc.div
                0x000039ac       0x44 c:/program files (x86)/atmel/avr tools/avr toolchain/bin/../lib/gcc/avr/4.8.1/avr5\libgcc.a(_udivmodsi4.o)
                0x000039ac                __udivmodsi4
 .text.libgcc   0x000039f0        0x0 c:/program files (x86)/atmel/avr tools/avr toolchain/bin/../lib/gcc/avr/4.8.1/avr5\libgcc.a(_udivmodsi4.o)
 .text.libgcc.prologue
                0x000039f0        0x0 c:/program files (x86)/atmel/avr tools/avr toolchain/bin/../lib/gcc/avr/4.8.1/avr5\libgcc.a(_udivmodsi4.o)
 .text.libgcc.builtins
                0x000039f0        0x0 c:/program files (x86)/atmel/avr tools/avr toolchain/bin/../lib/gcc/avr/4.8.1/avr5\libgcc.a(_udivmodsi4.o)
 .text.libgcc.fmul
                0x000039f0        0x0 c:/program files (x86)/atmel/avr tools/avr toolchain/bin/../lib/gcc/avr/4.8.1/avr5\libgcc.a(_udivmodsi4.o)
 .text.libgcc.fixed
                0x000039f0        0x0 c:/program files (x86)/atmel/avr tools/avr toolchain/bin/../lib/gcc/avr/4.8.1/avr5\libgcc.a(_udivmodsi4.o)
 .text.libgcc.mul
                0x000039f0        0x0 c:/program files (x86)/atmel/avr tools/avr toolchain/bin/../lib/gcc/avr/4.8.1/avr5\libgcc.a(_exit.o)
 .text.libgcc.div
                0x000039f0        0x0 c:/program files (x86)/atmel/avr tools/avr toolchain/bin/../lib/gcc/avr/4.8.1/avr5\libgcc.a(_exit.o)
 .text.libgcc   0x000039f0        0x0 c:/program files (x86)/atmel/avr tools/avr toolchain/bin/../lib/gcc/avr/4.8.1/avr5\libgcc.a(_exit.o)
 .text.libgcc.prologue
                0x000039f0        0x0 c:/program files (x86)/atmel/avr tools/avr toolchain/bin/../lib/gcc/avr/4.8.1/avr5\libgcc.a(_exit.o)
 .text.libgcc.builtins
                0x000039f0        0x0 c:/program files (x86)/atmel/avr tools/avr toolchain/bin/../lib/gcc/avr/4.8.1/avr5\libgcc.a(_exit.o)
 .text.libgcc.fmul
                0x000039f0        0x0 c:/program files (x86)/atmel/avr tools/avr toolchain/bin/../lib/gcc/avr/4.8.1/avr5\libgcc.a(_exit.o)
 .text.libgcc.fixed
                0x000039f0        0x0 c:/program files (x86)/atmel/avr tools/avr toolchain/bin/../lib/gcc/avr/4.8.1/avr5\libgcc.a(_exit.o)
 .text.libgcc.mul
                0x000039f0        0x0 c:/program files (x86)/atmel/avr tools/avr toolchain/bin/../lib/gcc/avr/4.8.1/avr5\libgcc.a(_tablejump.o)
 .text.libgcc.div
                0x000039f0        0x0 c:/program files (x86)/atmel/avr tools/avr toolchain/bin/../lib/gcc/avr/4.8.1/avr5\libgcc.a(_tablejump.o)
 .text.libgcc   0x000039f0        0xc c:/program files (x86)/atmel/avr tools/avr toolchain/bin/../lib/gcc/avr/4.8.1/avr5\libgcc.a(_tablejump.o)
                0x000039f0                __tablejump2__
                0x000039f4                __tablejump__
 .text.libgcc.prologue
                0x000039fc        0x0 c:/program files (x86)/atmel/avr tools/avr toolchain/bin/../lib/gcc/avr/4.8.1/avr5\libgcc.a(_tablejump.o)
 .text.libgcc.builtins
                0x000039fc        0x0 c:/program files (x86)/atmel/avr tools/avr toolchain/bin/../lib/gcc/avr/4.8.1/avr5\libgcc.a(_tablejump.o)
 .text.libgcc.fmul
                0x000039fc        0x0 c:/program files (x86)/atmel/avr tools/avr toolchain/bin/../lib/gcc/avr/4.8.1/avr5\libgcc.a(_tablejump.o)
 .text.libgcc.fixed
                0x000039fc        0x0 c:/program files (x86)/atmel/avr tools/avr toolchain/bin/../lib/gcc/avr/4.8.1/avr5\libgcc.a(_tablejump.o)
 .text.libgcc.mul
                0x000039fc        0x0 c:/program files (x86)/atmel/avr tools/avr toolchain/bin/../lib/gcc/avr/4.8.1/avr5\libgcc.a(_copy_data.o)
 .text.libgcc.div
                0x000039fc        0x0 c:/program files (x86)/atmel/avr tools/avr toolchain/bin/../lib/gcc/avr/4.8.1/avr5\libgcc.a(_copy_data.o)
 .text.libgcc   0x000039fc        0x0 c:/program files (x86)/atmel/avr tools/avr toolchain/bin/../lib/gcc/avr/4.8.1/avr5\libgcc.a(_copy_data.o)
 .text.libgcc.prologue
                0x000039fc        0x0 c:/program files (x86)/atmel/avr tools/avr toolchain/bin/../lib/gcc/avr/4.8.1/avr5\libgcc.a(_copy_data.o)
 .text.libgcc.builtins
                0x000039fc        0x0 c:/program files (x86)/atmel/avr tools/avr toolchain/bin/../lib/gcc/avr/4.8.1/avr5\libgcc.a(_copy_data.o)
 .text.libgcc.fmul
                0x000039fc        0x0 c:/program files (x86)/atmel/avr tools/avr toolchain/bin/../lib/gcc/avr/4.8.1/avr5\libgcc.a(_copy_data.o)
 .text.libgcc.fixed
                0x000039fc        0x0 c:/program files (x86)/atmel/avr tools/avr toolchain/bin/../lib/gcc/avr/4.8.1/avr5\libgcc.a(_copy_data.o)
 .text.libgcc.mul
                0x000039fc        0x0 c:/program files (x86)/atmel/avr tools/avr toolchain/bin/../lib/gcc/avr/4.8.1/avr5\libgcc.a(_clear_bss.o)
 .text.libgcc.div
                0x000039fc        0x0 c:/program files (x86)/atmel/avr tools/avr toolchain/bin/../lib/gcc/avr/4.8.1/avr5\libgcc.a(_clear_bss.o)
 .text.libgcc   0x000039fc        0x0 c:/program files (x86)/atmel/avr tools/avr toolchain/bin/../lib/gcc/avr/4.8.1/avr5\libgcc.a(_clear_bss.o)
 .text.libgcc.prologue
                0x000039fc        0x0 c:/program files (x86)/atmel/avr tools/avr toolchain/bin/../lib/gcc/avr/4.8.1/avr5\libgcc.a(_clear_bss.o)
 .text.libgcc.builtins
                0x000039fc        0x0 c:/program files (x86)/atmel/avr tools/avr toolchain/bin/../lib/gcc/avr/4.8.1/avr5\libgcc.a(_clear_bss.o)
 .text.libgcc.fmul
                0x000039fc        0x0 c:/program files (x86)/atmel/avr tools/avr toolchain/bin/../lib/gcc/avr/4.8.1/avr5\libgcc.a(_clear_bss.o)
 .text.libgcc.fixed
                0x000039fc        0x0 c:/program files (x86)/atmel/avr tools/avr toolchain/bin/../lib/gcc/avr/4.8.1/avr5\libgcc.a(_clear_bss.o)
 .text.libgcc.mul
                0x000039fc       0x16 c:/program files (x86)/atmel/avr tools/avr toolchain/bin/../lib/gcc/avr/4.8.1/avr5\libgcc.a(_muluhisi3.o)
                0x000039fc                __muluhisi3
 .text.libgcc.div
                0x00003a12        0x0 c:/program files (x86)/atmel/avr tools/avr toolchain/bin/../lib/gcc/avr/4.8.1/avr5\libgcc.a(_muluhisi3.o)
 .text.libgcc   0x00003a12        0x0 c:/program files (x86)/atmel/avr tools/avr toolchain/bin/../lib/gcc/avr/4.8.1/avr5\libgcc.a(_muluhisi3.o)
 .text.libgcc.prologue
                0x00003a12        0x0 c:/program files (x86)/atmel/avr tools/avr toolchain/bin/../lib/gcc/avr/4.8.1/avr5\libgcc.a(_muluhisi3.o)
 .text.libgcc.builtins
                0x00003a12        0x0 c:/program files (x86)/atmel/avr tools/avr toolchain/bin/../lib/gcc/avr/4.8.1/avr5\libgcc.a(_muluhisi3.o)
 .text.libgcc.fmul
                0x00003a12        0x0 c:/program files (x86)/atmel/avr tools/avr toolchain/bin/../lib/gcc/avr/4.8.1/avr5\libgcc.a(_muluhisi3.o)
 .text.libgcc.fixed
                0x00003a12        0x0 c:/program files (x86)/atmel/avr tools/avr toolchain/bin/../lib/gcc/avr/4.8.1/avr5\libgcc.a(_muluhisi3.o)
 .text.libgcc.mul
                0x00003a12       0x1e c:/program files (x86)/atmel/avr tools/avr toolchain/bin/../lib/gcc/avr/4.8.1/avr5\libgcc.a(_umulhisi3.o)
                0x00003a12                __umulhisi3
 .text.libgcc.div
                0x00003a30        0x0 c:/program files (x86)/atmel/avr tools/avr toolchain/bin/../lib/gcc/avr/4.8.1/avr5\libgcc.a(_umulhisi3.o)
 .text.libgcc   0x00003a30        0x0 c:/program files (x86)/atmel/avr tools/avr toolchain/bin/../lib/gcc/avr/4.8.1/avr5\libgcc.a(_umulhisi3.o)
 .text.libgcc.prologue
                0x00003a30        0x0 c:/program files (x86)/atmel/avr tools/avr toolchain/bin/../lib/gcc/avr/4.8.1/avr5\libgcc.a(_umulhisi3.o)
 .text.libgcc.builtins
                0x00003a30        0x0 c:/program files (x86)/atmel/avr tools/avr toolchain/bin/../lib/gcc/avr/4.8.1/avr5\libgcc.a(_umulhisi3.o)
 .text.libgcc.fmul
                0x00003a30        0x0 c:/program files (x86)/atmel/avr tools/avr toolchain/bin/../lib/gcc/avr/4.8.1/avr5\libgcc.a(_umulhisi3.o)
 .text.libgcc.fixed
                0x00003a30        0x0 c:/program files (x86)/atmel/avr tools/avr toolchain/bin/../lib/gcc/avr/4.8.1/avr5\libgcc.a(_umulhisi3.o)
 .text.avr-libc
                0x00003a30       0xbc c:/program files (x86)/atmel/avr tools/avr toolchain/bin/../lib/gcc/avr/4.8.1/../../../../avr/lib/avr5\libc.a(rand.o)
                0x00003ac6                rand_r
                0x00003acc                rand
                0x00003ad6                srand
 .text.avr-libc
                0x00003aec       0x3c c:/program files (x86)/atmel/avr tools/avr toolchain/bin/../lib/gcc/avr/4.8.1/../../../../avr/lib/avr5\libc.a(atoi.o)
                0x00003aec                atoi
 .text.avr-libc
                0x00003b28       0x16 c:/program files (x86)/atmel/avr tools/avr toolchain/bin/../lib/gcc/avr/4.8.1/../../../../avr/lib/avr5\libc.a(strcat.o)
                0x00003b28                strcat
 .text.avr-libc
                0x00003b3e        0xe c:/program files (x86)/atmel/avr tools/avr toolchain/bin/../lib/gcc/avr/4.8.1/../../../../avr/lib/avr5\libc.a(strcpy.o)
                0x00003b3e                strcpy
 .text.avr-libc
                0x00003b4c       0x34 c:/program files (x86)/atmel/avr tools/avr toolchain/bin/../lib/gcc/avr/4.8.1/../../../../avr/lib/avr5\libc.a(strstr.o)
                0x00003b4c                strstr
 .text.avr-libc
                0x00003b80       0x16 c:/program files (x86)/atmel/avr tools/avr toolchain/bin/../lib/gcc/avr/4.8.1/../../../../avr/lib/avr5\libc.a(itoa_ncheck.o)
                0x00003b80                __itoa_ncheck
 .text.avr-libc
                0x00003b96       0x10 c:/program files (x86)/atmel/avr tools/avr toolchain/bin/../lib/gcc/avr/4.8.1/../../../../avr/lib/avr5\libc.a(mul10.o)
                0x00003b96                __mulhi_const_10
 .text.avr-libc
                0x00003ba6       0x34 c:/program files (x86)/atmel/avr tools/avr toolchain/bin/../lib/gcc/avr/4.8.1/../../../../avr/lib/avr5\libc.a(utoa_ncheck.o)
                0x00003ba6                __utoa_ncheck
                0x00003ba8                __utoa_common
 .text.avr-libc
                0x00003bda       0x20 c:/program files (x86)/atmel/avr tools/avr toolchain/bin/../lib/gcc/avr/4.8.1/../../../../avr/lib/avr5\libc.a(strrev.o)
                0x00003bda                strrev
 .text.libgcc.mul
                0x00003bfa        0x0 c:/program files (x86)/atmel/avr tools/avr toolchain/bin/../lib/gcc/avr/4.8.1/avr5\libgcc.a(_divmodsi4.o)
 .text.libgcc.div
                0x00003bfa       0x2e c:/program files (x86)/atmel/avr tools/avr toolchain/bin/../lib/gcc/avr/4.8.1/avr5\libgcc.a(_divmodsi4.o)
                0x00003bfa                __divmodsi4
 .text.libgcc   0x00003c28        0x0 c:/program files (x86)/atmel/avr tools/avr toolchain/bin/../lib/gcc/avr/4.8.1/avr5\libgcc.a(_divmodsi4.o)
 .text.libgcc.prologue
                0x00003c28        0x0 c:/program files (x86)/atmel/avr tools/avr toolchain/bin/../lib/gcc/avr/4.8.1/avr5\libgcc.a(_divmodsi4.o)
 .text.libgcc.builtins
                0x00003c28        0x0 c:/program files (x86)/atmel/avr tools/avr toolchain/bin/../lib/gcc/avr/4.8.1/avr5\libgcc.a(_divmodsi4.o)
 .text.libgcc.fmul
                0x00003c28        0x0 c:/program files (x86)/atmel/avr tools/avr toolchain/bin/../lib/gcc/avr/4.8.1/avr5\libgcc.a(_divmodsi4.o)
 .text.libgcc.fixed
                0x00003c28        0x0 c:/program files (x86)/atmel/avr tools/avr toolchain/bin/../lib/gcc/avr/4.8.1/avr5\libgcc.a(_divmodsi4.o)
 .text.libgcc.mul
                0x00003c28        0x0 c:/program files (x86)/atmel/avr tools/avr toolchain/bin/../lib/gcc/avr/4.8.1/avr5\libgcc.a(_negsi2.o)
 .text.libgcc.div
                0x00003c28       0x10 c:/program files (x86)/atmel/avr tools/avr toolchain/bin/../lib/gcc/avr/4.8.1/avr5\libgcc.a(_negsi2.o)
                0x00003c28                __negsi2
 .text.libgcc   0x00003c38        0x0 c:/program files (x86)/atmel/avr tools/avr toolchain/bin/../lib/gcc/avr/4.8.1/avr5\libgcc.a(_negsi2.o)
 .text.libgcc.prologue
                0x00003c38        0x0 c:/program files (x86)/atmel/avr tools/avr toolchain/bin/../lib/gcc/avr/4.8.1/avr5\libgcc.a(_negsi2.o)
 .text.libgcc.builtins
                0x00003c38        0x0 c:/program files (x86)/atmel/avr tools/avr toolchain/bin/../lib/gcc/avr/4.8.1/avr5\libgcc.a(_negsi2.o)
 .text.libgcc.fmul
                0x00003c38        0x0 c:/program files (x86)/atmel/avr tools/avr toolchain/bin/../lib/gcc/avr/4.8.1/avr5\libgcc.a(_negsi2.o)
 .text.libgcc.fixed
                0x00003c38        0x0 c:/program files (x86)/atmel/avr tools/avr toolchain/bin/../lib/gcc/avr/4.8.1/avr5\libgcc.a(_negsi2.o)
 .text.libgcc.mul
                0x00003c38       0x10 c:/program files (x86)/atmel/avr tools/avr toolchain/bin/../lib/gcc/avr/4.8.1/avr5\libgcc.a(_mulshisi3.o)
                0x00003c38                __mulshisi3
                0x00003c3e                __mulohisi3
 .text.libgcc.div
                0x00003c48        0x0 c:/program files (x86)/atmel/avr tools/avr toolchain/bin/../lib/gcc/avr/4.8.1/avr5\libgcc.a(_mulshisi3.o)
 .text.libgcc   0x00003c48        0x0 c:/program files (x86)/atmel/avr tools/avr toolchain/bin/../lib/gcc/avr/4.8.1/avr5\libgcc.a(_mulshisi3.o)
 .text.libgcc.prologue
                0x00003c48        0x0 c:/program files (x86)/atmel/avr tools/avr toolchain/bin/../lib/gcc/avr/4.8.1/avr5\libgcc.a(_mulshisi3.o)
 .text.libgcc.builtins
                0x00003c48        0x0 c:/program files (x86)/atmel/avr tools/avr toolchain/bin/../lib/gcc/avr/4.8.1/avr5\libgcc.a(_mulshisi3.o)
 .text.libgcc.fmul
                0x00003c48        0x0 c:/program files (x86)/atmel/avr tools/avr toolchain/bin/../lib/gcc/avr/4.8.1/avr5\libgcc.a(_mulshisi3.o)
 .text.libgcc.fixed
                0x00003c48        0x0 c:/program files (x86)/atmel/avr tools/avr toolchain/bin/../lib/gcc/avr/4.8.1/avr5\libgcc.a(_mulshisi3.o)
                0x00003c48                . = ALIGN (0x2)
 *(.fini9)
 .fini9         0x00003c48        0x0 c:/program files (x86)/atmel/avr tools/avr toolchain/bin/../lib/gcc/avr/4.8.1/avr5\libgcc.a(_exit.o)
                0x00003c48                _exit
                0x00003c48                exit
 *(.fini9)
 *(.fini8)
 *(.fini8)
 *(.fini7)
 *(.fini7)
 *(.fini6)
 *(.fini6)
 *(.fini5)
 *(.fini5)
 *(.fini4)
 *(.fini4)
 *(.fini3)
 *(.fini3)
 *(.fini2)
 *(.fini2)
 *(.fini1)
 *(.fini1)
 *(.fini0)
 .fini0         0x00003c48        0x4 c:/program files (x86)/atmel/avr tools/avr toolchain/bin/../lib/gcc/avr/4.8.1/avr5\libgcc.a(_exit.o)
 *(.fini0)
                0x00003c4c                _etext = .

.data           0x00800100      0x890 load address 0x00003c4c
                0x00800100                PROVIDE (__data_start, .)
 *(.data)
 .data          0x00800100        0x0 c:/program files (x86)/atmel/avr tools/avr toolchain/bin/../lib/gcc/avr/4.8.1/../../../../avr/lib/avr5/crtm644p.o
 .data          0x00800100        0x0 ./ADC.o
 .data          0x00800100        0x0 ./DS1340.o
 .data          0x00800100        0x0 ./IOPort.o
 .data          0x00800100        0x0 ./Interrupt.o
 .data          0x00800100        0x0 ./LEDMosfet.o
 .data          0x00800100        0x0 ./Led.o
 .data          0x00800100        0x0 ./LightMeasure.o
 .data          0x00800100        0x0 ./MoveSensor.o
 .data          0x00800100        0x0 ./Random.o
 .data          0x00800100        0x0 ./SDTimes.o
 .data          0x00800100        0x0 ./Switch.o
 .data          0x00800100        0x0 ./TimeCount.o
 .data          0x00800100        0x0 ./Timer.o
 .data          0x00800100        0x0 ./i2c.o
 .data          0x00800100        0x0 ./main.o
 .data          0x00800100        0x0 ./mmc.o
 .data          0x00800100        0x0 ./pff.o
 .data          0x00800100        0x0 ./uart.o
 .data          0x00800100        0x0 ./wav.o
 .data          0x00800100        0x0 c:/program files (x86)/atmel/avr tools/avr toolchain/bin/../lib/gcc/avr/4.8.1/avr5\libgcc.a(_udivmodqi4.o)
 .data          0x00800100        0x0 c:/program files (x86)/atmel/avr tools/avr toolchain/bin/../lib/gcc/avr/4.8.1/avr5\libgcc.a(_udivmodhi4.o)
 .data          0x00800100        0x0 c:/program files (x86)/atmel/avr tools/avr toolchain/bin/../lib/gcc/avr/4.8.1/avr5\libgcc.a(_udivmodsi4.o)
 .data          0x00800100        0x0 c:/program files (x86)/atmel/avr tools/avr toolchain/bin/../lib/gcc/avr/4.8.1/avr5\libgcc.a(_exit.o)
 .data          0x00800100        0x0 c:/program files (x86)/atmel/avr tools/avr toolchain/bin/../lib/gcc/avr/4.8.1/avr5\libgcc.a(_tablejump.o)
 .data          0x00800100        0x0 c:/program files (x86)/atmel/avr tools/avr toolchain/bin/../lib/gcc/avr/4.8.1/avr5\libgcc.a(_copy_data.o)
 .data          0x00800100        0x0 c:/program files (x86)/atmel/avr tools/avr toolchain/bin/../lib/gcc/avr/4.8.1/avr5\libgcc.a(_clear_bss.o)
 .data          0x00800100        0x0 c:/program files (x86)/atmel/avr tools/avr toolchain/bin/../lib/gcc/avr/4.8.1/avr5\libgcc.a(_muluhisi3.o)
 .data          0x00800100        0x0 c:/program files (x86)/atmel/avr tools/avr toolchain/bin/../lib/gcc/avr/4.8.1/avr5\libgcc.a(_umulhisi3.o)
 .data          0x00800100        0x4 c:/program files (x86)/atmel/avr tools/avr toolchain/bin/../lib/gcc/avr/4.8.1/../../../../avr/lib/avr5\libc.a(rand.o)
 .data          0x00800104        0x0 c:/program files (x86)/atmel/avr tools/avr toolchain/bin/../lib/gcc/avr/4.8.1/../../../../avr/lib/avr5\libc.a(atoi.o)
 .data          0x00800104        0x0 c:/program files (x86)/atmel/avr tools/avr toolchain/bin/../lib/gcc/avr/4.8.1/../../../../avr/lib/avr5\libc.a(strcat.o)
 .data          0x00800104        0x0 c:/program files (x86)/atmel/avr tools/avr toolchain/bin/../lib/gcc/avr/4.8.1/../../../../avr/lib/avr5\libc.a(strcpy.o)
 .data          0x00800104        0x0 c:/program files (x86)/atmel/avr tools/avr toolchain/bin/../lib/gcc/avr/4.8.1/../../../../avr/lib/avr5\libc.a(strstr.o)
 .data          0x00800104        0x0 c:/program files (x86)/atmel/avr tools/avr toolchain/bin/../lib/gcc/avr/4.8.1/../../../../avr/lib/avr5\libc.a(itoa_ncheck.o)
 .data          0x00800104        0x0 c:/program files (x86)/atmel/avr tools/avr toolchain/bin/../lib/gcc/avr/4.8.1/../../../../avr/lib/avr5\libc.a(mul10.o)
 .data          0x00800104        0x0 c:/program files (x86)/atmel/avr tools/avr toolchain/bin/../lib/gcc/avr/4.8.1/../../../../avr/lib/avr5\libc.a(utoa_ncheck.o)
 .data          0x00800104        0x0 c:/program files (x86)/atmel/avr tools/avr toolchain/bin/../lib/gcc/avr/4.8.1/../../../../avr/lib/avr5\libc.a(strrev.o)
 .data          0x00800104        0x0 c:/program files (x86)/atmel/avr tools/avr toolchain/bin/../lib/gcc/avr/4.8.1/avr5\libgcc.a(_divmodsi4.o)
 .data          0x00800104        0x0 c:/program files (x86)/atmel/avr tools/avr toolchain/bin/../lib/gcc/avr/4.8.1/avr5\libgcc.a(_negsi2.o)
 .data          0x00800104        0x0 c:/program files (x86)/atmel/avr tools/avr toolchain/bin/../lib/gcc/avr/4.8.1/avr5\libgcc.a(_mulshisi3.o)
 *(.data*)
 .data.WriteIndex.1661
                0x00800104        0x1 ./i2c.o
 .data.DebugCompilation
                0x00800105        0x1 ./uart.o
                0x00800105                DebugCompilation
 *(.rodata)
 *(.rodata*)
 .rodata.str1.1
                0x00800106       0x60 ./DS1340.o
                                 0xa0 (size before relaxing)
 .rodata.str1.1
                0x00800166      0x610 ./SDTimes.o
                                0x6ad (size before relaxing)
 .rodata.str1.1
                0x00800776       0x6a ./Switch.o
                                 0x77 (size before relaxing)
 .rodata.str1.1
                0x008007e0       0x10 ./TimeCount.o
 .rodata.cvt.1591
                0x008007f0       0x80 ./pff.o
 .rodata.str1.1
                0x00800870      0x120 ./wav.o
                                0x122 (size before relaxing)
 *(.gnu.linkonce.d*)
                0x00800990                . = ALIGN (0x2)
                0x00800990                _edata = .
                0x00800990                PROVIDE (__data_end, .)

.bss            0x00800990      0x4b8
                0x00800990                PROVIDE (__bss_start, .)
 *(.bss)
 .bss           0x00800990        0x0 c:/program files (x86)/atmel/avr tools/avr toolchain/bin/../lib/gcc/avr/4.8.1/../../../../avr/lib/avr5/crtm644p.o
 .bss           0x00800990        0x0 ./ADC.o
 .bss           0x00800990        0x0 ./DS1340.o
 .bss           0x00800990        0x0 ./IOPort.o
 .bss           0x00800990        0x0 ./Interrupt.o
 .bss           0x00800990        0x0 ./LEDMosfet.o
 .bss           0x00800990        0x0 ./Led.o
 .bss           0x00800990        0x0 ./LightMeasure.o
 .bss           0x00800990        0x0 ./MoveSensor.o
 .bss           0x00800990        0x0 ./Random.o
 .bss           0x00800990        0x0 ./SDTimes.o
 .bss           0x00800990        0x0 ./Switch.o
 .bss           0x00800990        0x0 ./TimeCount.o
 .bss           0x00800990        0x0 ./Timer.o
 .bss           0x00800990        0x0 ./i2c.o
 .bss           0x00800990        0x0 ./main.o
 .bss           0x00800990        0x0 ./mmc.o
 .bss           0x00800990        0x0 ./pff.o
 .bss           0x00800990        0x0 ./uart.o
 .bss           0x00800990        0x0 ./wav.o
 .bss           0x00800990        0x0 c:/program files (x86)/atmel/avr tools/avr toolchain/bin/../lib/gcc/avr/4.8.1/avr5\libgcc.a(_udivmodqi4.o)
 .bss           0x00800990        0x0 c:/program files (x86)/atmel/avr tools/avr toolchain/bin/../lib/gcc/avr/4.8.1/avr5\libgcc.a(_udivmodhi4.o)
 .bss           0x00800990        0x0 c:/program files (x86)/atmel/avr tools/avr toolchain/bin/../lib/gcc/avr/4.8.1/avr5\libgcc.a(_udivmodsi4.o)
 .bss           0x00800990        0x0 c:/program files (x86)/atmel/avr tools/avr toolchain/bin/../lib/gcc/avr/4.8.1/avr5\libgcc.a(_exit.o)
 .bss           0x00800990        0x0 c:/program files (x86)/atmel/avr tools/avr toolchain/bin/../lib/gcc/avr/4.8.1/avr5\libgcc.a(_tablejump.o)
 .bss           0x00800990        0x0 c:/program files (x86)/atmel/avr tools/avr toolchain/bin/../lib/gcc/avr/4.8.1/avr5\libgcc.a(_copy_data.o)
 .bss           0x00800990        0x0 c:/program files (x86)/atmel/avr tools/avr toolchain/bin/../lib/gcc/avr/4.8.1/avr5\libgcc.a(_clear_bss.o)
 .bss           0x00800990        0x0 c:/program files (x86)/atmel/avr tools/avr toolchain/bin/../lib/gcc/avr/4.8.1/avr5\libgcc.a(_muluhisi3.o)
 .bss           0x00800990        0x0 c:/program files (x86)/atmel/avr tools/avr toolchain/bin/../lib/gcc/avr/4.8.1/avr5\libgcc.a(_umulhisi3.o)
 .bss           0x00800990        0x0 c:/program files (x86)/atmel/avr tools/avr toolchain/bin/../lib/gcc/avr/4.8.1/../../../../avr/lib/avr5\libc.a(rand.o)
 .bss           0x00800990        0x0 c:/program files (x86)/atmel/avr tools/avr toolchain/bin/../lib/gcc/avr/4.8.1/../../../../avr/lib/avr5\libc.a(atoi.o)
 .bss           0x00800990        0x0 c:/program files (x86)/atmel/avr tools/avr toolchain/bin/../lib/gcc/avr/4.8.1/../../../../avr/lib/avr5\libc.a(strcat.o)
 .bss           0x00800990        0x0 c:/program files (x86)/atmel/avr tools/avr toolchain/bin/../lib/gcc/avr/4.8.1/../../../../avr/lib/avr5\libc.a(strcpy.o)
 .bss           0x00800990        0x0 c:/program files (x86)/atmel/avr tools/avr toolchain/bin/../lib/gcc/avr/4.8.1/../../../../avr/lib/avr5\libc.a(strstr.o)
 .bss           0x00800990        0x0 c:/program files (x86)/atmel/avr tools/avr toolchain/bin/../lib/gcc/avr/4.8.1/../../../../avr/lib/avr5\libc.a(itoa_ncheck.o)
 .bss           0x00800990        0x0 c:/program files (x86)/atmel/avr tools/avr toolchain/bin/../lib/gcc/avr/4.8.1/../../../../avr/lib/avr5\libc.a(mul10.o)
 .bss           0x00800990        0x0 c:/program files (x86)/atmel/avr tools/avr toolchain/bin/../lib/gcc/avr/4.8.1/../../../../avr/lib/avr5\libc.a(utoa_ncheck.o)
 .bss           0x00800990        0x0 c:/program files (x86)/atmel/avr tools/avr toolchain/bin/../lib/gcc/avr/4.8.1/../../../../avr/lib/avr5\libc.a(strrev.o)
 .bss           0x00800990        0x0 c:/program files (x86)/atmel/avr tools/avr toolchain/bin/../lib/gcc/avr/4.8.1/avr5\libgcc.a(_divmodsi4.o)
 .bss           0x00800990        0x0 c:/program files (x86)/atmel/avr tools/avr toolchain/bin/../lib/gcc/avr/4.8.1/avr5\libgcc.a(_negsi2.o)
 .bss           0x00800990        0x0 c:/program files (x86)/atmel/avr tools/avr toolchain/bin/../lib/gcc/avr/4.8.1/avr5\libgcc.a(_mulshisi3.o)
 *(.bss*)
 .bss.Index.2245
                0x00800990        0x1 ./DS1340.o
 .bss.Index.2234
                0x00800991        0x1 ./DS1340.o
 .bss.Divider1.2052
                0x00800992        0x2 ./Interrupt.o
 .bss.Divider.2051
                0x00800994        0x2 ./Interrupt.o
 .bss.v2.2035   0x00800996        0x1 ./Interrupt.o
 .bss.v1.2034   0x00800997        0x1 ./Interrupt.o
 .bss.buf_idx.2033
                0x00800998        0x2 ./Interrupt.o
 .bss.counter.1684
                0x0080099a        0x1 ./Led.o
 .bss.Counter.1569
                0x0080099b        0x1 ./LightMeasure.o
 .bss.Average.1568
                0x0080099c        0x4 ./LightMeasure.o
 .bss.wc.1566   0x008009a0        0x2 ./mmc.o
 .bss.CardType  0x008009a2        0x1 ./mmc.o
 .bss.FatFs     0x008009a3        0x2 ./pff.o
 .bss.count.2300
                0x008009a5        0x1 ./wav.o
 .bss.ActualSong.2301
                0x008009a6        0x1 ./wav.o
 *(COMMON)
 COMMON         0x008009a7       0x2b ./DS1340.o
                0x008009a7                RelayFlag
                0x008009a8                RTCFlag
                0x008009a9                RGBLedFlag
                0x008009aa                Settings
                0x008009bd                Timer2Flag_ADC
                0x008009be                MoveSensorFlag
                0x008009bf                MosfetLedFlag
                0x008009c0                ADCFlag
                0x008009c1                Times
                0x008009c2                BlockFlag
                0x008009c3                ActualSongCount
                0x008009c4                CardMountedFlag
                0x008009c5                LowPowerFlag
                0x008009c6                BreakTime
                0x008009c8                NightFlag
                0x008009c9                Timer2Flag_COUNT
                0x008009ca                Time
 COMMON         0x008009d2      0x458 ./Interrupt.o
                0x008009d2                Fno
                0x008009e8                nr_buf
                0x008009e9                rb
                0x008009eb                Dir
                0x008009fb                can_read
                0x008009fc                buf
                0x00800dfc                FLAGS
                0x00800e00                Fs
 COMMON         0x00800e2a        0x6 ./Switch.o
                0x00800e2a                Switch
 COMMON         0x00800e30        0x1 ./i2c.o
                0x00800e30                I2CReadBuffer
 COMMON         0x00800e31       0x17 ./wav.o
                0x00800e31                SelectedFile
                0x00800e3e                SelectedDir
                0x00800e48                PROVIDE (__bss_end, .)
                0x00003c4c                __data_load_start = LOADADDR (.data)
                0x000044dc                __data_load_end = (__data_load_start + SIZEOF (.data))

.noinit         0x00800e48        0x0
                0x00800e48                PROVIDE (__noinit_start, .)
 *(.noinit*)
                0x00800e48                PROVIDE (__noinit_end, .)
                0x00800e48                _end = .
                0x00800e48                PROVIDE (__heap_start, .)

.eeprom         0x00810000        0x0
 *(.eeprom*)
                0x00810000                __eeprom_end = .

.fuse
 *(.fuse)
 *(.lfuse)
 *(.hfuse)
 *(.efuse)

.lock
 *(.lock*)

.signature
 *(.signature*)

.user_signatures
 *(.user_signatures*)

.stab           0x00000000     0xa35c
 *(.stab)
 .stab          0x00000000      0x5a0 ./ADC.o
 .stab          0x000005a0      0xb1c ./DS1340.o
                                0xd50 (size before relaxing)
 .stab          0x000010bc      0x54c ./IOPort.o
                                0x780 (size before relaxing)
 .stab          0x00001608      0x7e0 ./Interrupt.o
                                0xa80 (size before relaxing)
 .stab          0x00001de8      0x3cc ./LEDMosfet.o
                                0x690 (size before relaxing)
 .stab          0x000021b4      0x4b0 ./Led.o
                                0x774 (size before relaxing)
 .stab          0x00002664      0x4b0 ./LightMeasure.o
                                0x774 (size before relaxing)
 .stab          0x00002b14      0x39c ./MoveSensor.o
                                0x660 (size before relaxing)
 .stab          0x00002eb0      0x3e4 ./Random.o
                                0x690 (size before relaxing)
 .stab          0x00003294     0x1908 ./SDTimes.o
                               0x1cec (size before relaxing)
 .stab          0x00004b9c      0xba0 ./Switch.o
                                0xf84 (size before relaxing)
 .stab          0x0000573c      0x5dc ./TimeCount.o
                                0x9d8 (size before relaxing)
 .stab          0x00005d18      0x378 ./Timer.o
                                0x540 (size before relaxing)
 .stab          0x00006090      0x894 ./i2c.o
                                0xad4 (size before relaxing)
 .stab          0x00006924      0x5c4 ./main.o
                                0x9b4 (size before relaxing)
 .stab          0x00006ee8      0x9cc ./mmc.o
                                0xc30 (size before relaxing)
 .stab          0x000078b4     0x1788 ./pff.o
                               0x1878 (size before relaxing)
 .stab          0x0000903c      0x3e4 ./uart.o
                                0x5ac (size before relaxing)
 .stab          0x00009420      0xf3c ./wav.o
                               0x132c (size before relaxing)

.stabstr        0x00000000     0x3678
 *(.stabstr)
 .stabstr       0x00000000     0x3678 ./ADC.o

.stab.excl
 *(.stab.excl)

.stab.exclstr
 *(.stab.exclstr)

.stab.index
 *(.stab.index)

.stab.indexstr
 *(.stab.indexstr)

.comment        0x00000000       0x30
 *(.comment)
 .comment       0x00000000       0x30 ./ADC.o
                                 0x31 (size before relaxing)
 .comment       0x00000000       0x31 ./DS1340.o
 .comment       0x00000000       0x31 ./IOPort.o
 .comment       0x00000000       0x31 ./Interrupt.o
 .comment       0x00000000       0x31 ./LEDMosfet.o
 .comment       0x00000000       0x31 ./Led.o
 .comment       0x00000000       0x31 ./LightMeasure.o
 .comment       0x00000000       0x31 ./MoveSensor.o
 .comment       0x00000000       0x31 ./Random.o
 .comment       0x00000000       0x31 ./SDTimes.o
 .comment       0x00000000       0x31 ./Switch.o
 .comment       0x00000000       0x31 ./TimeCount.o
 .comment       0x00000000       0x31 ./Timer.o
 .comment       0x00000000       0x31 ./i2c.o
 .comment       0x00000000       0x31 ./main.o
 .comment       0x00000000       0x31 ./mmc.o
 .comment       0x00000000       0x31 ./pff.o
 .comment       0x00000000       0x31 ./uart.o
 .comment       0x00000000       0x31 ./wav.o
 .comment       0x00000000       0x31 c:/program files (x86)/atmel/avr tools/avr toolchain/bin/../lib/gcc/avr/4.8.1/../../../../avr/lib/avr5\libc.a(rand.o)

.note.gnu.build-id
 *(.note.gnu.build-id)

.debug
 *(.debug)

.line
 *(.line)

.debug_srcinfo
 *(.debug_srcinfo)

.debug_sfnames
 *(.debug_sfnames)

.debug_aranges
 *(.debug_aranges)

.debug_pubnames
 *(.debug_pubnames)

.debug_info
 *(.debug_info .gnu.linkonce.wi.*)

.debug_abbrev
 *(.debug_abbrev)

.debug_line
 *(.debug_line .debug_line.* .debug_line_end)

.debug_frame
 *(.debug_frame)

.debug_str
 *(.debug_str)

.debug_loc
 *(.debug_loc)

.debug_macinfo
 *(.debug_macinfo)

.debug_weaknames
 *(.debug_weaknames)

.debug_funcnames
 *(.debug_funcnames)

.debug_typenames
 *(.debug_typenames)

.debug_varnames
 *(.debug_varnames)

.debug_pubtypes
 *(.debug_pubtypes)

.debug_ranges
 *(.debug_ranges)

.debug_macro
 *(.debug_macro)
OUTPUT(SD_repeller_V3.elf elf32-avr)
LOAD linker stubs
